// Vitest Snapshot v1, https://vitest.dev/guide/snapshot.html

exports[`add command E2E > should add RSS feed successfully > add-success-output 1`] = `
"Database migration completed successfully
Adding feed: https://example.com/feed.rss
Feed added successfully!
  ID: 1
  Title: Test Feed
  Description: Test Description
  Articles added: 2
"
`;

exports[`add command E2E > should handle duplicate feed error > duplicate-feed-error-output 1`] = `
"Error adding feed: Feed already exists: https://example.com/feed.rss
"
`;

exports[`add command E2E > should handle invalid URL gracefully > invalid-url-error-output 1`] = `
"Error adding feed: Failed to fetch feed: Failed to parse RSS feed: Invalid URL
"
`;

exports[`add command E2E > should handle network errors gracefully > network-error-output 1`] = `
"Error adding feed: Failed to fetch feed: Network error
"
`;
